// Jest Snapshot v1, https://goo.gl/fbAQLP

exports[`BasketModel suite Expect model to be initialised  1`] = `
BasketModel {
  "items": Array [],
  "totalPrice": 0,
}
`;

exports[`BasketModel suite Should create BasketItems and store them when adding Basket should now have an item and an updated cost  Adds an item to the basket  1`] = `
Array [
  BasketItem {
    "product": Object {
      "id": 1,
      "price": 1,
    },
    "quantity": 1,
  },
]
`;
